5
10
spundef
'1'
'2'
'3'
'4'
"hello world"
"a string"
0
2
4
6
8
10
12
48
60
21
