0
1
10
100
~1
~100
0
10
10
~100
~100
10
~10
0
~100
200
0
10
100
20
~50
200
10
5
2
~5
~5
5
3
true
false
false
true
true
false
false
false
true
false
true
true
false
true
false
true
false
true
