float32"5"
float32"10"
float32"15"
float32"29"
float32"1"
float32"210"
float32"15"
true
false
true
false
false
true
float64"5"
float64"10"
float64"15"
float64"29"
float64"1"
float64"210"
float64"15"
true
false
true
false
false
true
