sint8"0"
sint8"1"
sint8"12"
sint8"127"
sint8"-128"
sint8"0"
sint8"15"
sint8"15"
sint8"13"
sint8"2"
sint8"-123"
sint8"0"
sint8"10"
sint8"-10"
sint8"12"
sint8"6"
sint8"0"
sint8"-20"
sint8"20"
sint8"5"
sint8"4"
sint8"-5"
sint8"3"
true
false
false
true
true
false
false
false
true
false
true
true
false
true
false
true
false
true
8
true
