uint8"0"
uint8"1"
uint8"12"
uint8"255"
uint8"0"
uint8"15"
uint8"15"
uint8"13"
uint8"0"
uint8"10"
uint8"12"
uint8"6"
uint8"0"
uint8"5"
uint8"4"
uint8"3"
true
false
false
true
true
false
false
false
true
false
true
true
false
true
false
true
false
true
8
false
