sint16"0"
sint16"1"
sint16"12"
sint16"32767"
sint16"-32768"
sint16"0"
sint16"15"
sint16"15"
sint16"13"
sint16"2"
sint16"-123"
sint16"0"
sint16"10"
sint16"-10"
sint16"12"
sint16"6"
sint16"0"
sint16"-20"
sint16"20"
sint16"5"
sint16"4"
sint16"-5"
sint16"3"
true
false
false
true
true
false
false
false
true
false
true
true
false
true
false
true
false
true
16
true
