uint16"0"
uint16"1"
uint16"12"
uint16"65535"
uint16"0"
uint16"15"
uint16"15"
uint16"13"
uint16"0"
uint16"10"
uint16"12"
uint16"6"
uint16"0"
uint16"5"
uint16"4"
uint16"3"
true
false
false
true
true
false
false
false
true
false
true
true
false
true
false
true
false
true
16
false
