sint32"0"
sint32"-2147483648"
sint32"2147483647"
sint32"500"
sint32"-1500"
sint32"500000"
sint32"-500000"
sint32"5"
sint32"5"
sint32"2"
true
false
true
true
false
false
true
false
true
true
false
