uint32"0"
uint32"1"
uint32"2"
uint32"4294967295"
uint32"300"
uint32"59800"
uint32"15"
uint32"4"
uint32"3"
