sint64"0"
sint64"1"
sint64"12"
sint64"9223372036854775807"
sint64"-9223372036854775808"
sint64"0"
sint64"15"
sint64"15"
sint64"13"
sint64"2"
sint64"-123"
sint64"0"
sint64"10"
sint64"-10"
sint64"12"
sint64"6"
sint64"0"
sint64"-20"
sint64"20"
sint64"5"
sint64"4"
sint64"-5"
sint64"3"
true
false
false
true
true
false
false
false
true
false
true
true
false
true
false
true
false
true
64
true
