uint64"0"
uint64"1"
uint64"12"
uint64"18446744073709551615"
uint64"0"
uint64"15"
uint64"15"
uint64"13"
uint64"0"
uint64"10"
uint64"12"
uint64"6"
uint64"0"
uint64"5"
uint64"4"
uint64"3"
true
false
false
true
true
false
false
false
true
false
true
true
false
true
false
true
false
true
64
false
