"a"
"b"
"le pain"
"hello world"
"Je vais trÃ¨s bien"
