1
2
3
20
21
22
1
2
3
4
13
14
15
19
20
21
23
24
25
1
2
3
12
26
28
30
16
17
18
25
1
2
3
36
38
40
42
44
23
