1
8
1
2
4
8
3072
100000000000000000000
15625
15625
